2026-08-29 17:11:55,593 - INFO - Workers Hermes démarrés.
2026-08-29 17:11:55,611 - INFO - ==========================================
2026-08-29 17:11:55,613 - INFO - BEK-v15.2 HYBRID démarrage
2026-08-29 17:11:55,613 - INFO - Host: 0.0.0.0
2026-08-29 17:11:55,614 - INFO - Port: 8765
2026-08-29 17:11:55,615 - INFO - Debug: False
2026-08-29 17:11:55,615 - INFO - Hermes SecurityGuard: actif
2026-08-29 17:11:55,616 - INFO - ==========================================
2026-08-29 17:12:46,657 - INFO - Workers Hermes démarrés.
2026-08-29 17:12:46,676 - INFO - ==========================================
2026-08-29 17:12:46,677 - INFO - BEK-v15.2 HYBRID démarrage
2026-08-29 17:12:46,678 - INFO - Host: 0.0.0.0
2026-08-29 17:12:46,678 - INFO - Port: 8765
2026-08-29 17:12:46,679 - INFO - Debug: False
2026-08-29 17:12:46,679 - INFO - Hermes SecurityGuard: actif
2026-08-29 17:12:46,680 - INFO - ==========================================
2026-08-29 17:13:19,478 - INFO - Workers Hermes démarrés.
2026-08-29 17:13:19,498 - INFO - ==========================================
2026-08-29 17:13:19,499 - INFO - BEK-v15.2 HYBRID démarrage
2026-08-29 17:13:19,500 - INFO - Host: 0.0.0.0
2026-08-29 17:13:19,501 - INFO - Port: 8765
2026-08-29 17:13:19,501 - INFO - Debug: False
2026-08-29 17:13:19,502 - INFO - Hermes SecurityGuard: actif
2026-08-29 17:13:19,502 - INFO - ==========================================
2026-08-29 17:33:56,020 - INFO - [SyncManager] Début synchronisation.
2026-08-29 17:33:57,591 - INFO - [SyncManager] État Neon persisté.
2026-08-29 17:34:02,931 - INFO - [SyncManager] Mémoire vectorielle synchronisée.
2026-08-29 17:34:26,378 - INFO - [SyncManager] Début synchronisation.
2026-08-29 17:34:27,966 - INFO - [SyncManager] État Neon persisté.
2026-08-29 17:34:29,925 - INFO - [SyncManager] Mémoire vectorielle synchronisée.
2026-08-29 17:34:56,580 - INFO - [SyncManager] Début synchronisation.
2026-08-29 17:34:58,450 - INFO - [SyncManager] État Neon persisté.
2026-08-29 17:35:00,364 - INFO - [SyncManager] Mémoire vectorielle synchronisée.
2026-08-29 17:35:36,829 - INFO - [SyncManager] Début synchronisation.
2026-08-29 17:35:38,585 - INFO - [SyncManager] État Neon persisté.
2026-08-29 17:35:40,532 - INFO - [SyncManager] Mémoire vectorielle synchronisée.
2026-08-29 17:36:38,524 - INFO - [SyncManager] Début synchronisation.
2026-08-29 17:36:40,008 - INFO - [SyncManager] État Neon persisté.
2026-08-29 17:36:41,878 - INFO - [SyncManager] Mémoire vectorielle synchronisée.
2026-08-29 18:10:17,683 - INFO - [SyncManager] Début synchronisation.
2026-08-29 18:10:20,214 - INFO - [SyncManager] État Neon persisté.
2026-08-29 18:10:22,457 - INFO - [SyncManager] Mémoire vectorielle synchronisée.
2026-08-29 18:10:43,948 - INFO - [SyncManager] Début synchronisation.
2026-08-29 18:10:45,559 - INFO - [SyncManager] État Neon persisté.
2026-08-29 18:10:47,322 - INFO - [SyncManager] Mémoire vectorielle synchronisée.
2026-08-29 18:12:05,626 - INFO - [SyncManager] Début synchronisation.
2026-08-29 18:12:07,116 - INFO - [SyncManager] État Neon persisté.
2026-08-29 18:12:08,955 - INFO - [SyncManager] Mémoire vectorielle synchronisée.
2026-08-29 18:12:20,673 - INFO - [SyncManager] Début synchronisation.
2026-08-29 18:12:22,171 - INFO - [SyncManager] État Neon persisté.
2026-08-29 18:12:23,809 - INFO - [SyncManager] Mémoire vectorielle synchronisée.
2026-08-29 18:15:00,611 - INFO - [SyncManager] Début synchronisation.
2026-08-29 18:15:02,217 - INFO - [SyncManager] État Neon persisté.
2026-08-29 18:15:04,043 - INFO - [SyncManager] Mémoire vectorielle synchronisée.
2026-08-29 18:17:12,139 - INFO - [SyncManager] Début synchronisation.
2026-08-29 18:17:13,764 - INFO - [SyncManager] État Neon persisté.
2026-08-29 18:17:15,722 - INFO - [SyncManager] Mémoire vectorielle synchronisée.
2026-08-29 19:39:04,604 - INFO - Workers Hermes démarrés.
2026-08-29 19:39:04,703 - INFO - ==========================================
2026-08-29 19:39:04,727 - INFO - BEK-v15.2 HYBRID démarrage
2026-08-29 19:39:04,727 - INFO - Host: 0.0.0.0
2026-08-29 19:39:04,736 - INFO - Port: 8765
2026-08-29 19:39:04,737 - INFO - Debug: False
2026-08-29 19:39:04,737 - INFO - Hermes SecurityGuard: actif
2026-08-29 19:39:04,738 - INFO - ==========================================
2026-08-29 20:01:23,308 - INFO - Workers Hermes démarrés.
2026-08-29 20:01:23,439 - INFO - ==========================================
2026-08-29 20:01:23,439 - INFO - BEK-v15.2 HYBRID démarrage
2026-08-29 20:01:23,440 - INFO - Host: 0.0.0.0
2026-08-29 20:01:23,441 - INFO - Port: 8765
2026-08-29 20:01:23,442 - INFO - Debug: False
2026-08-29 20:01:23,442 - INFO - Hermes SecurityGuard: actif
2026-08-29 20:01:23,443 - INFO - ==========================================
2026-08-29 20:02:54,797 - INFO - [SyncManager] Début synchronisation.
2026-08-29 20:02:56,306 - INFO - [SyncManager] État Neon persisté.
2026-08-29 20:03:02,359 - INFO - [SyncManager] Mémoire vectorielle synchronisée.
2026-08-29 20:03:26,490 - INFO - [SyncManager] Début synchronisation.
2026-08-29 20:03:28,108 - INFO - [SyncManager] État Neon persisté.
2026-08-29 20:03:29,832 - INFO - [SyncManager] Mémoire vectorielle synchronisée.
2026-08-29 20:04:04,020 - INFO - [SyncManager] Début synchronisation.
2026-08-29 20:04:05,597 - INFO - [SyncManager] État Neon persisté.
2026-08-29 20:04:07,526 - INFO - [SyncManager] Mémoire vectorielle synchronisée.
2026-08-29 20:04:46,705 - INFO - [SyncManager] Début synchronisation.
2026-08-29 20:04:48,286 - INFO - [SyncManager] État Neon persisté.
2026-08-29 20:04:50,197 - INFO - [SyncManager] Mémoire vectorielle synchronisée.
2026-08-29 20:05:08,569 - INFO - [SyncManager] Début synchronisation.
2026-08-29 20:05:10,218 - INFO - [SyncManager] État Neon persisté.
2026-08-29 20:05:12,194 - INFO - [SyncManager] Mémoire vectorielle synchronisée.
2026-08-29 20:05:26,402 - INFO - [SyncManager] Début synchronisation.
2026-08-29 20:05:27,944 - INFO - [SyncManager] État Neon persisté.
2026-08-29 20:05:30,149 - INFO - [SyncManager] Mémoire vectorielle synchronisée.
2026-08-29 20:05:44,981 - INFO - [SyncManager] Début synchronisation.
2026-08-29 20:05:46,724 - INFO - [SyncManager] État Neon persisté.
2026-08-29 20:05:48,564 - INFO - [SyncManager] Mémoire vectorielle synchronisée.
2026-08-29 20:07:37,876 - INFO - [SyncManager] Début synchronisation.
2026-08-29 20:07:39,551 - INFO - [SyncManager] État Neon persisté.
2026-08-29 20:07:41,492 - INFO - [SyncManager] Mémoire vectorielle synchronisée.
2026-08-29 20:07:57,872 - INFO - [SyncManager] Début synchronisation.
2026-08-29 20:07:59,444 - INFO - [SyncManager] État Neon persisté.
2026-08-29 20:08:01,080 - INFO - [SyncManager] Mémoire vectorielle synchronisée.
2026-08-29 20:10:21,348 - INFO - [SyncManager] Début synchronisation.
2026-08-29 20:10:23,112 - INFO - [SyncManager] État Neon persisté.
2026-08-29 20:10:25,183 - INFO - [SyncManager] Mémoire vectorielle synchronisée.
2026-08-29 20:10:37,897 - INFO - [SyncManager] Début synchronisation.
2026-08-29 20:10:39,484 - INFO - [SyncManager] État Neon persisté.
2026-08-29 20:10:41,515 - INFO - [SyncManager] Mémoire vectorielle synchronisée.
2026-08-29 20:10:51,971 - INFO - [SyncManager] Début synchronisation.
2026-08-29 20:10:53,560 - INFO - [SyncManager] État Neon persisté.
2026-08-29 20:10:55,336 - INFO - [SyncManager] Mémoire vectorielle synchronisée.
2026-08-29 20:11:07,826 - INFO - [SyncManager] Début synchronisation.
2026-08-29 20:11:09,322 - INFO - [SyncManager] État Neon persisté.
2026-08-29 20:11:11,368 - INFO - [SyncManager] Mémoire vectorielle synchronisée.
2026-08-29 20:12:24,286 - INFO - [SyncManager] Début synchronisation.
2026-08-29 20:12:26,109 - INFO - [SyncManager] État Neon persisté.
2026-08-29 20:12:28,077 - INFO - [SyncManager] Mémoire vectorielle synchronisée.
2026-08-29 20:17:12,629 - INFO - Workers Hermes démarrés.
2026-08-29 20:21:10,760 - INFO - Workers Hermes démarrés.
2026-08-29 20:21:10,788 - INFO - Workers Hermes démarrés.
2026-08-29 20:21:10,805 - INFO - ==========================================
2026-08-29 20:21:10,806 - INFO - BEK-v15.2 HYBRID démarrage
2026-08-29 20:21:10,822 - INFO - Host: 0.0.0.0
2026-08-29 20:21:10,823 - INFO - Port: 8765
2026-08-29 20:21:10,824 - INFO - Debug: False
2026-08-29 20:21:10,824 - INFO - Hermes SecurityGuard: actif
2026-08-29 20:21:10,825 - INFO - ==========================================
2026-08-29 20:44:24,322 - INFO - Workers Hermes démarrés.
2026-08-29 20:44:24,392 - INFO - Workers Hermes démarrés.
2026-08-29 20:44:24,411 - INFO - ==========================================
2026-08-29 20:44:24,412 - INFO - BEK-v15.2 HYBRID démarrage
2026-08-29 20:44:24,413 - INFO - Host: 0.0.0.0
2026-08-29 20:44:24,414 - INFO - Port: 8765
2026-08-29 20:44:24,416 - INFO - Debug: False
2026-08-29 20:44:24,417 - INFO - Hermes SecurityGuard: actif
2026-08-29 20:44:24,417 - INFO - ==========================================
2026-08-29 21:08:35,877 - INFO - Workers Hermes démarrés.
2026-08-29 21:08:35,947 - INFO - Workers Hermes démarrés.
2026-08-29 21:08:35,966 - INFO - ==========================================
2026-08-29 21:08:35,967 - INFO - BEK-v15.2 HYBRID démarrage
2026-08-29 21:08:35,967 - INFO - Host: 0.0.0.0
2026-08-29 21:08:35,968 - INFO - Port: 8765
2026-08-29 21:08:35,968 - INFO - Debug: False
2026-08-29 21:08:35,969 - INFO - Hermes SecurityGuard: actif
2026-08-29 21:08:35,969 - INFO - ==========================================
2026-08-29 21:09:51,083 - INFO - Workers Hermes démarrés.
2026-08-29 21:13:51,128 - INFO - [SyncManager] Début synchronisation.
2026-08-29 21:13:52,906 - INFO - [SyncManager] État Neon persisté.
2026-08-29 21:13:58,308 - INFO - [SyncManager] Mémoire vectorielle synchronisée.
2026-08-29 21:19:49,015 - INFO - Workers Hermes démarrés.
2026-08-29 21:23:01,877 - INFO - Workers Hermes démarrés.
2026-08-29 21:24:53,494 - INFO - Workers Hermes démarrés.
2026-08-29 21:24:53,532 - INFO - Workers Hermes démarrés.
2026-08-29 21:24:53,559 - INFO - ==========================================
2026-08-29 21:24:53,560 - INFO - BEK-v15.2 HYBRID démarrage | Host: 0.0.0.0 | Port: 8765 | Debug: False
2026-08-29 21:24:53,561 - INFO - Hermes SecurityGuard: actif
2026-08-29 21:24:53,562 - INFO - ==========================================
2026-08-29 21:26:42,262 - INFO - [SyncManager] Début synchronisation.
2026-08-29 21:26:43,923 - INFO - [SyncManager] État Neon persisté.
2026-08-29 21:28:27,551 - INFO - Workers Hermes démarrés.
2026-08-29 21:28:27,593 - INFO - [SyncManager] Début synchronisation.
2026-08-29 21:28:29,227 - INFO - [SyncManager] État Neon persisté.
2026-08-29 21:29:36,161 - INFO - Workers Hermes démarrés.
2026-08-29 21:29:36,200 - INFO - Workers Hermes démarrés.
2026-08-29 21:29:36,227 - INFO - ==========================================
2026-08-29 21:29:36,228 - INFO - BEK-v15.2 HYBRID démarrage | Host: 0.0.0.0 | Port: 8765 | Debug: False
2026-08-29 21:29:36,229 - INFO - Hermes SecurityGuard: actif
2026-08-29 21:29:36,229 - INFO - ==========================================
2026-08-29 21:30:28,977 - INFO - [SyncManager] Début synchronisation.
2026-08-29 21:30:30,455 - INFO - [SyncManager] État Neon persisté.
2026-08-29 21:30:54,972 - INFO - [SyncManager] Début synchronisation.
2026-08-29 21:30:56,886 - INFO - [SyncManager] État Neon persisté.
2026-08-29 21:31:08,936 - INFO - [SyncManager] Début synchronisation.
2026-08-29 21:31:10,655 - INFO - [SyncManager] État Neon persisté.
2026-08-29 21:31:34,529 - INFO - [SyncManager] Début synchronisation.
2026-08-29 21:31:36,172 - INFO - [SyncManager] État Neon persisté.
2026-08-29 21:31:51,139 - INFO - [SyncManager] Début synchronisation.
2026-08-29 21:31:52,728 - INFO - [SyncManager] État Neon persisté.
2026-08-29 21:38:51,088 - INFO - Workers Hermes démarrés.
2026-08-29 21:38:51,166 - INFO - Workers Hermes démarrés.
2026-08-29 21:38:51,194 - INFO - ==========================================
2026-08-29 21:38:51,195 - INFO - BEK-v15.2 HYBRID démarrage | Host: 0.0.0.0 | Port: 8765 | Debug: False
2026-08-29 21:38:51,195 - INFO - Hermes SecurityGuard: actif
2026-08-29 21:38:51,196 - INFO - ==========================================
2026-08-29 21:41:31,665 - INFO - [SyncManager] Début synchronisation.
2026-08-29 21:41:33,232 - INFO - [SyncManager] État Neon persisté.
2026-08-29 21:48:21,947 - INFO - Workers Hermes démarrés.
2026-08-29 21:48:21,995 - INFO - Workers Hermes démarrés.
2026-08-29 21:48:22,015 - INFO - ==========================================
2026-08-29 21:48:22,016 - INFO - BEK-v15.2 HYBRID démarrage | Host: 0.0.0.0 | Port: 8765 | Debug: False
2026-08-29 21:48:22,017 - INFO - Hermes SecurityGuard: actif
2026-08-29 21:48:22,017 - INFO - ==========================================
2026-08-29 21:48:56,688 - INFO - [SyncManager] Début synchronisation.
2026-08-29 21:49:00,955 - INFO - [SyncManager] État Neon persisté.
2026-08-29 21:49:13,493 - INFO - [SyncManager] Début synchronisation.
2026-08-29 21:49:19,475 - INFO - [SyncManager] État Neon persisté.
2026-08-29 21:49:40,588 - INFO - [SyncManager] Début synchronisation.
2026-08-29 21:49:46,319 - INFO - [SyncManager] État Neon persisté.
2026-08-29 21:50:51,686 - INFO - Workers Hermes démarrés.
2026-08-29 21:50:51,729 - INFO - [SyncManager] Début synchronisation.
2026-08-29 21:50:53,320 - INFO - [SyncManager] État Neon persisté.
2026-08-29 21:55:39,228 - INFO - Workers Hermes démarrés.
2026-08-29 21:55:39,269 - INFO - Workers Hermes démarrés.
2026-08-29 21:55:39,290 - INFO - ==========================================
2026-08-29 21:55:39,291 - INFO - BEK-v15.2 HYBRID démarrage | Host: 0.0.0.0 | Port: 8765 | Debug: False
2026-08-29 21:55:39,291 - INFO - Hermes SecurityGuard: actif
2026-08-29 21:55:39,292 - INFO - ==========================================
2026-08-29 22:00:45,896 - INFO - Workers Hermes démarrés.
2026-08-29 22:00:45,954 - INFO - Workers Hermes démarrés.
2026-08-29 22:00:45,981 - INFO - ==========================================
2026-08-29 22:00:45,982 - INFO - BEK-v15.2 HYBRID démarrage | Host: 0.0.0.0 | Port: 8765 | Debug: False
2026-08-29 22:00:45,982 - INFO - Hermes SecurityGuard: actif
2026-08-29 22:00:45,983 - INFO - ==========================================
2026-08-29 22:02:16,250 - INFO - Workers Hermes démarrés.
2026-08-29 22:02:16,293 - INFO - [SyncManager] Début synchronisation.
2026-08-29 22:02:17,813 - INFO - [SyncManager] État Neon persisté.
2026-08-29 22:05:48,646 - INFO - Workers Hermes démarrés.
2026-08-29 22:05:48,686 - INFO - [SyncManager] Début synchronisation.
2026-08-29 22:05:51,329 - INFO - [SyncManager] État Neon persisté.
2026-08-29 22:10:28,223 - INFO - Workers Hermes démarrés.
2026-08-29 22:10:36,266 - INFO - [SyncManager] Début synchronisation.
2026-08-29 22:10:43,110 - INFO - [SyncManager] État Neon persisté.
2026-08-29 22:12:29,335 - INFO - Workers Hermes démarrés.
2026-08-29 22:13:03,204 - INFO - Workers Hermes démarrés.
2026-08-29 22:13:34,569 - INFO - Workers Hermes démarrés.
2026-08-29 22:15:13,457 - INFO - Workers Hermes démarrés.
2026-08-29 22:15:13,500 - INFO - Workers Hermes démarrés.
2026-08-29 22:15:13,522 - INFO - ==========================================
2026-08-29 22:15:13,523 - INFO - BEK-v15.2 HYBRID démarrage | Host: 0.0.0.0 | Port: 8765 | Debug: False
2026-08-29 22:15:13,523 - INFO - Hermes SecurityGuard: actif
2026-08-29 22:15:13,524 - INFO - ==========================================
2026-08-29 22:17:36,574 - INFO - [SyncManager] Début synchronisation.
2026-08-29 22:17:38,194 - INFO - [SyncManager] État Neon persisté.
2026-08-29 22:18:56,222 - INFO - [SyncManager] Début synchronisation.
2026-08-29 22:19:03,251 - INFO - [SyncManager] État Neon persisté.
2026-08-29 22:20:52,066 - INFO - Workers Hermes démarrés.
2026-08-29 22:21:43,724 - INFO - Workers Hermes démarrés.
2026-08-29 22:22:30,367 - INFO - Workers Hermes démarrés.
2026-08-29 22:23:30,305 - INFO - [SyncManager] Début synchronisation.
2026-08-29 22:23:32,002 - INFO - [SyncManager] État Neon persisté.
2026-08-29 22:37:44,766 - INFO - Workers Hermes démarrés.
2026-08-29 22:37:44,828 - INFO - Workers Hermes démarrés.
2026-08-29 22:37:44,852 - INFO - ==========================================
2026-08-29 22:37:44,875 - INFO - BEK-v15.2 HYBRID démarrage | Host: 0.0.0.0 | Port: 8765 | Debug: False
2026-08-29 22:37:44,876 - INFO - Hermes SecurityGuard: actif
2026-08-29 22:37:44,876 - INFO - ==========================================
2026-08-29 22:40:40,668 - INFO - [SyncManager] Début synchronisation.
2026-08-29 22:40:42,638 - INFO - [SyncManager] État Neon persisté.
2026-08-29 22:41:03,936 - INFO - Workers Hermes démarrés.
2026-08-29 22:51:27,745 - INFO - Workers Hermes démarrés.
2026-08-29 22:51:27,802 - INFO - Workers Hermes démarrés.
2026-08-29 22:51:27,829 - INFO - ==========================================
2026-08-29 22:51:27,830 - INFO - BEK-v15.2 HYBRID démarrage | Host: 0.0.0.0 | Port: 8765 | Debug: False
2026-08-29 22:51:27,830 - INFO - Hermes SecurityGuard: actif
2026-08-29 22:51:27,831 - INFO - ==========================================
2026-08-29 22:54:44,989 - INFO - [SyncManager] Début synchronisation.
2026-08-29 22:54:47,495 - INFO - [SyncManager] État Neon persisté.
2026-08-30 14:23:26,811 - INFO - Workers Hermes démarrés.
2026-08-30 14:23:27,082 - INFO - Workers Hermes démarrés.
2026-08-30 14:23:27,105 - INFO - ==========================================
2026-08-30 14:23:27,105 - INFO - BEK-v15.2 HYBRID démarrage | Host: 0.0.0.0 | Port: 8765 | Debug: False
2026-08-30 14:23:27,106 - INFO - Hermes SecurityGuard: actif
2026-08-30 14:23:27,106 - INFO - ==========================================
2026-08-30 15:34:28,217 - INFO - Workers Hermes démarrés.
2026-08-30 15:34:28,295 - INFO - Workers Hermes démarrés.
2026-08-30 15:34:28,321 - INFO - ==========================================
2026-08-30 15:34:28,321 - INFO - BEK-v15.2 HYBRID démarrage | Host: 0.0.0.0 | Port: 8765 | Debug: False
2026-08-30 15:34:28,322 - INFO - Hermes SecurityGuard: actif
2026-08-30 15:34:28,322 - INFO - ==========================================
2026-08-30 15:35:17,304 - INFO - [SyncManager] Début synchronisation.
2026-08-30 15:35:19,317 - INFO - [SyncManager] État Neon persisté.
2026-08-30 16:01:51,008 - INFO - Workers Hermes démarrés.
2026-08-30 16:01:51,084 - INFO - Workers Hermes démarrés.
2026-08-30 16:01:51,108 - INFO - ==========================================
2026-08-30 16:01:51,109 - INFO - BEK-v15.2 HYBRID démarrage | Host: 0.0.0.0 | Port: 8765 | Debug: False
2026-08-30 16:01:51,109 - INFO - Hermes SecurityGuard: actif
2026-08-30 16:01:51,110 - INFO - ==========================================
2026-08-30 16:02:52,713 - INFO - [SyncManager] Début synchronisation.
2026-08-30 16:02:54,743 - INFO - [SyncManager] État Neon persisté.
2026-08-30 16:28:17,702 - INFO - Workers Hermes démarrés.
2026-08-30 16:28:17,767 - INFO - Workers Hermes démarrés.
2026-08-30 16:37:16,569 - ERROR - Erreur Action : Expecting property name enclosed in double quotes: line 1 column 43 (char 42)
2026-08-30 17:20:44,468 - INFO - Workers Hermes démarrés.
2026-08-30 17:20:44,484 - INFO - Mémoire vectorielle Pinecone & ChromaDB connectées : namespaces initialisés.
2026-08-30 17:20:44,522 - INFO - Workers Hermes démarrés.
2026-08-30 17:20:44,523 - INFO - Mémoire vectorielle Pinecone & ChromaDB connectées : namespaces initialisés.
2026-08-30 17:48:20,124 - ERROR - Erreur Action : Expecting value: line 1 column 38 (char 37)
2026-08-30 17:48:24,904 - ERROR - Erreur Action : Expecting property name enclosed in double quotes: line 1 column 30 (char 29)
2026-08-30 17:48:24,909 - ERROR - Erreur Action : Expecting value: line 1 column 38 (char 37)
2026-08-30 17:48:28,909 - ERROR - Erreur Action : Expecting property name enclosed in double quotes: line 1 column 30 (char 29)
2026-08-30 18:02:44,564 - INFO - Workers Hermes démarrés.
2026-08-30 18:02:44,602 - INFO - Mémoire vectorielle Pinecone & ChromaDB connectées : namespaces initialisés.
2026-08-30 18:02:44,636 - INFO - Workers Hermes démarrés.
2026-08-30 18:02:44,637 - INFO - Mémoire vectorielle Pinecone & ChromaDB connectées : namespaces initialisés.
2026-08-30 18:15:47,841 - INFO - Workers Hermes démarrés.
2026-08-30 18:15:47,892 - INFO - Mémoire vectorielle Pinecone & ChromaDB connectées : namespaces initialisés.
2026-08-30 18:15:47,926 - INFO - Workers Hermes démarrés.
2026-08-30 18:15:47,926 - INFO - Mémoire vectorielle Pinecone & ChromaDB connectées : namespaces initialisés.
2026-08-30 18:35:00,647 - INFO - Workers Hermes démarrés.
2026-08-30 18:35:00,661 - INFO - Mémoire vectorielle Pinecone & ChromaDB connectées : namespaces initialisés.
2026-08-30 18:35:00,744 - INFO - Workers Hermes démarrés.
2026-08-30 18:35:00,745 - INFO - Mémoire vectorielle Pinecone & ChromaDB connectées : namespaces initialisés.
2026-08-30 18:47:51,271 - INFO - Workers Hermes démarrés.
2026-08-30 18:47:51,310 - INFO - Mémoire vectorielle Pinecone & ChromaDB connectées : namespaces initialisés.
2026-08-30 18:47:51,338 - INFO - Workers Hermes démarrés.
2026-08-30 18:47:51,339 - INFO - Mémoire vectorielle Pinecone & ChromaDB connectées : namespaces initialisés.
2026-08-30 19:29:34,978 - INFO - Workers Hermes démarrés.
2026-08-30 19:29:35,012 - INFO - Mémoire vectorielle Pinecone & ChromaDB connectées : namespaces initialisés.
2026-08-30 19:29:35,052 - INFO - Workers Hermes démarrés.
2026-08-30 19:29:35,053 - INFO - Mémoire vectorielle Pinecone & ChromaDB connectées : namespaces initialisés.
2026-08-31 17:04:05,183 - INFO - Workers Hermes démarrés.
2026-08-31 17:04:05,298 - INFO - Mémoire vectorielle Pinecone & ChromaDB connectées : namespaces initialisés.
2026-08-31 17:04:05,432 - INFO - Workers Hermes démarrés.
2026-08-31 17:04:05,433 - INFO - Mémoire vectorielle Pinecone & ChromaDB connectées : namespaces initialisés.
2026-08-31 17:05:44,374 - INFO - Workers Hermes démarrés.
2026-08-31 17:05:44,434 - INFO - Mémoire vectorielle Pinecone & ChromaDB connectées : namespaces initialisés.
2026-08-31 17:05:44,519 - INFO - Workers Hermes démarrés.
2026-08-31 17:05:44,520 - INFO - Mémoire vectorielle Pinecone & ChromaDB connectées : namespaces initialisés.
2026-08-31 18:18:45,945 - INFO - Workers Hermes démarrés.
2026-08-31 18:18:46,012 - INFO - Mémoire vectorielle Pinecone & ChromaDB connectées : namespaces initialisés.
2026-08-31 18:18:46,054 - INFO - Workers Hermes démarrés.
2026-08-31 18:18:46,054 - INFO - Mémoire vectorielle Pinecone & ChromaDB connectées : namespaces initialisés.
